// Jest Snapshot v1, https://goo.gl/fbAQLP

exports[`Pruebas en <CounterApp /> Debe hacer match con el snapshot 1`] = `
<div>
  <h1>
    Contador
  </h1>
  <h2>
    100
  </h2>
  <button
    aria-label="btn-suma"
  >
    +1
  </button>
  <button
    aria-label="btn-reset"
  >
    Reset
  </button>
  <button>
    -1
  </button>
</div>
`;
